Clock: clk
Sources: clk 
Generated: no
Virtual: yes
Propagated: no
Period: 10.000000

===========================================================================
report_clock_properties
============================================================================
Clock                   Period          Waveform
----------------------------------------------------
clk                  10.000000    0.000000  5.000000

===========================================================================
report_clock_latency
============================================================================
Clock clk
rise -> rise
    min     max
0.000000 0.000000 source latency
0.252391         network latency _1818_/CLK
        0.267165 network latency _1850_/CLK
---------------
0.252391 0.267165 latency
        0.014774 skew

fall -> fall
    min     max
0.000000 0.000000 source latency
0.243912         network latency _1818_/CLK
        0.254312 network latency _1850_/CLK
---------------
0.243912 0.254312 latency
        0.010401 skew



===========================================================================
report_clock_min_period
============================================================================
clk period_min = 2.74 fmax = 365.52
