
===========================================================================
 report_power
============================================================================
======================= min_ff_n40C_1v95 Corner ===================================

Group                    Internal    Switching      Leakage        Total
                            Power        Power        Power        Power (Watts)
------------------------------------------------------------------------
Sequential           8.322630e-04 5.239459e-05 4.116818e-09 8.846617e-04  55.3%
Combinational        4.431763e-05 4.235484e-05 6.312301e-09 8.667878e-05   5.4%
Clock                3.120328e-04 3.164730e-04 1.629506e-08 6.285220e-04  39.3%
Macro                0.000000e+00 0.000000e+00 0.000000e+00 0.000000e+00   0.0%
Pad                  0.000000e+00 0.000000e+00 0.000000e+00 0.000000e+00   0.0%
------------------------------------------------------------------------
Total                1.188613e-03 4.112224e-04 2.672421e-08 1.599863e-03 100.0%
                            74.3%        25.7%         0.0%

