
===========================================================================
 report_power
============================================================================
======================= max_tt_025C_1v80 Corner ===================================

Group                    Internal    Switching      Leakage        Total
                            Power        Power        Power        Power (Watts)
------------------------------------------------------------------------
Sequential           7.161710e-04 4.722126e-05 2.029148e-09 7.633943e-04  54.7%
Combinational        3.945289e-05 3.727995e-05 3.876802e-09 7.673671e-05   5.5%
Clock                2.734174e-04 2.830833e-04 1.321658e-08 5.565139e-04  39.8%
Macro                0.000000e+00 0.000000e+00 0.000000e+00 0.000000e+00   0.0%
Pad                  0.000000e+00 0.000000e+00 0.000000e+00 0.000000e+00   0.0%
------------------------------------------------------------------------
Total                1.029041e-03 3.675846e-04 1.912274e-08 1.396645e-03 100.0%
                            73.7%        26.3%         0.0%

