
===========================================================================
 report_power
============================================================================
======================= max_ss_100C_1v60 Corner ===================================

Group                    Internal    Switching      Leakage        Total
                            Power        Power        Power        Power (Watts)
------------------------------------------------------------------------
Sequential           5.499722e-04 3.657099e-05 3.138646e-06 5.896818e-04  53.7%
Combinational        3.159341e-05 2.799071e-05 4.216638e-06 6.380075e-05   5.8%
Clock                2.239525e-04 2.195418e-04 3.573623e-07 4.438516e-04  40.4%
Macro                0.000000e+00 0.000000e+00 0.000000e+00 0.000000e+00   0.0%
Pad                  0.000000e+00 0.000000e+00 0.000000e+00 0.000000e+00   0.0%
------------------------------------------------------------------------
Total                8.055179e-04 2.841035e-04 7.712631e-06 1.097334e-03 100.0%
                            73.4%        25.9%         0.7%

