Clock: clk
Sources: clk 
Generated: no
Virtual: yes
Propagated: no
Period: 10.000000

===========================================================================
report_clock_properties
============================================================================
Clock                   Period          Waveform
----------------------------------------------------
clk                  10.000000    0.000000  5.000000

===========================================================================
report_clock_latency
============================================================================
Clock clk
rise -> rise
    min     max
0.000000 0.000000 source latency
0.362837         network latency _1818_/CLK
        0.381520 network latency _1850_/CLK
---------------
0.362837 0.381520 latency
        0.018684 skew

fall -> fall
    min     max
0.000000 0.000000 source latency
0.353644         network latency _1818_/CLK
        0.367281 network latency _1850_/CLK
---------------
0.353644 0.367281 latency
        0.013637 skew



===========================================================================
report_clock_min_period
============================================================================
clk period_min = 4.50 fmax = 222.02
