
===========================================================================
 report_power
============================================================================
======================= min_tt_025C_1v80 Corner ===================================

Group                    Internal    Switching      Leakage        Total
                            Power        Power        Power        Power (Watts)
------------------------------------------------------------------------
Sequential           7.161032e-04 4.330829e-05 2.029148e-09 7.594136e-04  55.3%
Combinational        3.928297e-05 3.564643e-05 3.876802e-09 7.493328e-05   5.5%
Clock                2.732530e-04 2.648010e-04 1.321658e-08 5.380673e-04  39.2%
Macro                0.000000e+00 0.000000e+00 0.000000e+00 0.000000e+00   0.0%
Pad                  0.000000e+00 0.000000e+00 0.000000e+00 0.000000e+00   0.0%
------------------------------------------------------------------------
Total                1.028639e-03 3.437558e-04 1.912274e-08 1.372414e-03 100.0%
                            75.0%        25.0%         0.0%

