
===========================================================================
 report_power
============================================================================
======================= nom_ff_n40C_1v95 Corner ===================================

Group                    Internal    Switching      Leakage        Total
                            Power        Power        Power        Power (Watts)
------------------------------------------------------------------------
Sequential           8.321344e-04 5.476791e-05 4.116818e-09 8.869065e-04  54.9%
Combinational        4.450105e-05 4.334672e-05 6.312301e-09 8.785409e-05   5.4%
Clock                3.121706e-04 3.274197e-04 1.629506e-08 6.396066e-04  39.6%
Macro                0.000000e+00 0.000000e+00 0.000000e+00 0.000000e+00   0.0%
Pad                  0.000000e+00 0.000000e+00 0.000000e+00 0.000000e+00   0.0%
------------------------------------------------------------------------
Total                1.188806e-03 4.255343e-04 2.672421e-08 1.614367e-03 100.0%
                            73.6%        26.4%         0.0%

