Clock: clk
Sources: clk 
Generated: no
Virtual: yes
Propagated: no
Period: 10.000000

===========================================================================
report_clock_properties
============================================================================
Clock                   Period          Waveform
----------------------------------------------------
clk                  10.000000    0.000000  5.000000

===========================================================================
report_clock_latency
============================================================================
Clock clk
rise -> rise
    min     max
0.000000 0.000000 source latency
0.264376         network latency _1818_/CLK
        0.284350 network latency _1850_/CLK
---------------
0.264376 0.284350 latency
        0.019974 skew

fall -> fall
    min     max
0.000000 0.000000 source latency
0.254272         network latency _1818_/CLK
        0.268852 network latency _1905_/CLK
---------------
0.254272 0.268852 latency
        0.014579 skew



===========================================================================
report_clock_min_period
============================================================================
clk period_min = 2.79 fmax = 357.92
