
===========================================================================
 report_power
============================================================================
======================= max_ff_n40C_1v95 Corner ===================================

Group                    Internal    Switching      Leakage        Total
                            Power        Power        Power        Power (Watts)
------------------------------------------------------------------------
Sequential           8.320070e-04 5.698691e-05 4.116818e-09 8.889981e-04  54.6%
Combinational        4.498947e-05 4.427195e-05 6.312301e-09 8.926773e-05   5.5%
Clock                3.122718e-04 3.379293e-04 1.629506e-08 6.502175e-04  39.9%
Macro                0.000000e+00 0.000000e+00 0.000000e+00 0.000000e+00   0.0%
Pad                  0.000000e+00 0.000000e+00 0.000000e+00 0.000000e+00   0.0%
------------------------------------------------------------------------
Total                1.189269e-03 4.391882e-04 2.672421e-08 1.628484e-03 100.0%
                            73.0%        27.0%         0.0%

